pherc0841-w00 K_ex016_75k: exit 0 in 0.6 min
pherc0841-ag144 K_ex016_75k: exit 0 in 0.5 min
pherc0841-ag174 K_ex016_75k: exit 0 in 0.5 min
pherc0009b-ag055 K_ex016_75k: exit 0 in 0.8 min
pherc0500p2-s1 K_ex016_75k: exit 0 in 0.5 min
pherc0841-w00 K_ex016_60k: exit 0 in 0.5 min
pherc0841-ag144 K_ex016_60k: exit 0 in 0.5 min
pherc0841-ag174 K_ex016_60k: exit 0 in 0.5 min
pherc0009b-ag055 K_ex016_60k: exit 0 in 0.7 min
pherc0500p2-s1 K_ex016_60k: exit 0 in 0.5 min
pherc0841-w00 K_all7_75k: exit 0 in 0.5 min
pherc0841-ag144 K_all7_75k: exit 0 in 0.5 min
pherc0841-ag174 K_all7_75k: exit 0 in 0.5 min
pherc0009b-ag055 K_all7_75k: exit 0 in 0.7 min
pherc0500p2-s1 K_all7_75k: exit 0 in 0.5 min
pherc0841-w00 N_native_16k: exit 0 in 0.5 min
pherc0841-ag144 N_native_16k: exit 0 in 0.5 min
pherc0841-ag174 N_native_16k: exit 0 in 0.4 min
pherc0009b-ag055 N_native_16k: exit 0 in 0.7 min
pherc0500p2-s1 N_native_16k: exit 0 in 0.5 min
pherc0841-w00 K_control_75k: exit 0 in 0.5 min
pherc0841-ag144 K_control_75k: exit 0 in 0.5 min
pherc0841-ag174 K_control_75k: exit 0 in 0.5 min
pherc0009b-ag055 K_control_75k: exit 0 in 0.7 min
pherc0500p2-s1 K_control_75k: exit 0 in 0.5 min
